Input #0, mp3, from 'runner2088-game-mix.mp3':
  Metadata:
    TBPM            : 89
    artist          : wekont
    encoder         : Lavf63.1.102
    title           : runner2088 (Game mix)
    encoded_by      : FFmpeg 9.0.2 / libmp3lame; RevealLine technical derivative
    comment         : CC BY 4.0; gain -1.6 dB and MP3 re-encode from original 9924c6163116b0db94cc0c1878542d2576aac02051dd25f6ebb3b9767869cef9; no arrangement changes
    date            : 2025
  Duration: 00:01:37.12, start: 0.025057, bitrate: 320 kb/s
  Stream #0:0: Audio: mp3 (mp3float), 44100 Hz, stereo, fltp, 320 kb/s, start 0.025057
    Metadata:
      encoder         : Lavc63.1.
Stream mapping:
  Stream #0:0 -> #0:0 (mp3 (mp3float) -> pcm_s16le (native))
Output #0, null, to 'pipe:':
  Metadata:
    TBPM            : 89
    artist          : wekont
    date            : 2025
    title           : runner2088 (Game mix)
    encoded_by      : FFmpeg 9.0.2 / libmp3lame; RevealLine technical derivative
    comment         : CC BY 4.0; gain -1.6 dB and MP3 re-encode from original 9924c6163116b0db94cc0c1878542d2576aac02051dd25f6ebb3b9767869cef9; no arrangement changes
    encoder         : Lavf63.1.102
  Stream #0:0: Audio: pcm_s16le, 192000 Hz, stereo, s16, 6144 kb/s
    Metadata:
      encoder         : Lavc63.1.102 pcm_s16le
size=N/A time=00:00:13.20 bitrate=N/A speed=26.2x elapsed=0:00:00.50    size=N/A time=00:00:29.40 bitrate=N/A speed=29.2x elapsed=0:00:01.00    size=N/A time=00:00:44.20 bitrate=N/A speed=29.3x elapsed=0:00:01.51    size=N/A time=00:00:57.10 bitrate=N/A speed=28.3x elapsed=0:00:02.01    size=N/A time=00:01:08.10 bitrate=N/A speed=  27x elapsed=0:00:02.52    size=N/A time=00:01:19.60 bitrate=N/A speed=26.3x elapsed=0:00:03.02    [Parsed_loudnorm_0 @ 0xc0ec08e40] 
{
	"input_i" : "-16.94",
	"input_tp" : "-1.14",
	"input_lra" : "7.20",
	"input_thresh" : "-26.96",
	"output_i" : "-15.33",
	"output_tp" : "-1.00",
	"output_lra" : "3.70",
	"output_thresh" : "-25.33",
	"normalization_type" : "dynamic",
	"target_offset" : "-0.67"
}
[out#0/null @ 0xc0ec086c0] video:0KiB audio:72842KiB subtitle:0KiB other streams:0KiB global headers:0KiB muxing overhead: unknown
size=N/A time=00:01:37.20 bitrate=N/A speed=27.6x elapsed=0:00:03.52    
