[in#0/mp3 @ 0x79d404000] Estimating duration from bitrate, this may be inaccurate
Input #0, mp3, from 'runner2088-original.mp3':
  Metadata:
    TBPM            : 89
    encoded_by      : LAME in FL Studio 20
    date            : 2025
  Duration: 00:01:37.12, start: 0.000000, bitrate: 320 kb/s
  Stream #0:0: Audio: mp3 (mp3float), 44100 Hz, stereo, fltp, 320 kb/s
Stream mapping:
  Stream #0:0 -> #0:0 (mp3 (mp3float) -> pcm_s16le (native))
Output #0, null, to 'pipe:':
  Metadata:
    TBPM            : 89
    encoded_by      : LAME in FL Studio 20
    date            : 2025
    encoder         : Lavf63.1.102
  Stream #0:0: Audio: pcm_s16le, 192000 Hz, stereo, s16, 6144 kb/s
    Metadata:
      encoder         : Lavc63.1.102 pcm_s16le
size=N/A time=00:00:15.00 bitrate=N/A speed=29.8x elapsed=0:00:00.50    size=N/A time=00:00:30.40 bitrate=N/A speed=30.1x elapsed=0:00:01.00    size=N/A time=00:00:42.10 bitrate=N/A speed=27.8x elapsed=0:00:01.51    size=N/A time=00:00:54.80 bitrate=N/A speed=27.2x elapsed=0:00:02.01    size=N/A time=00:01:07.00 bitrate=N/A speed=26.6x elapsed=0:00:02.52    size=N/A time=00:01:22.80 bitrate=N/A speed=27.4x elapsed=0:00:03.02    [Parsed_loudnorm_0 @ 0x79d42c900] 
{
	"input_i" : "-15.34",
	"input_tp" : "0.45",
	"input_lra" : "7.20",
	"input_thresh" : "-25.36",
	"output_i" : "-15.33",
	"output_tp" : "-1.00",
	"output_lra" : "3.70",
	"output_thresh" : "-25.33",
	"normalization_type" : "dynamic",
	"target_offset" : "-0.67"
}
[out#0/null @ 0x79d42c180] video:0KiB audio:72842KiB subtitle:0KiB other streams:0KiB global headers:0KiB muxing overhead: unknown
size=N/A time=00:01:37.20 bitrate=N/A speed=28.7x elapsed=0:00:03.39    
